python : Traceback (mos
t recent call last):
At line:1 char:27
+ .\.venv\Scripts\activ
ate; python -c "import 
models" 2> error_log.tx
t
+                      
     ~~~~~~~~~~~~~~~~~~
~~~~~~~~~~~~~~~~~~~~~~~
~
    + CategoryInfo     
         : NotSpecifi  
  ed: (Traceback (mo   
 st recent call las    
t)::String) [], Re    m
oteException
    + FullyQualifiedEr 
   rorId : NativeComm  
  andError
 
  File "<string>", line
 1, in <module>
    import models
  File "C:\Users\Hp\Dow
nloads\SWE314---Web-Pro
gramming-Project-main\S
WE314---Web-Programming
-Project-main\backend\m
odels.py", line 9, in <
module>
    class Table(SQLMode
l, table=True):
    ...<2 lines>...
        is_occupied: bo
ol = Field(default=Fals
e)
  File "C:\Users\Hp\Dow
nloads\SWE314---Web-Pro
gramming-Project-main\S
WE314---Web-Programming
-Project-main\backend\.
venv\Lib\site-packages\
sqlmodel\main.py", line
 451, in __new__
    new_cls = super()._
_new__(cls, name, bases
, dict_used, **config_k
wargs)
  File "C:\Users\Hp\Dow
nloads\SWE314---Web-Pro
gramming-Project-main\S
WE314---Web-Programming
-Project-main\backend\.
venv\Lib\site-packages\
pydantic\_internal\_mod
el_construction.py", li
ne 132, in __new__
    private_attributes 
= inspect_namespace(
        namespace, raw_
annotations, config_wra
pper.ignored_types, cla
ss_vars, base_field_nam
es
    )
  File "C:\Users\Hp\Dow
nloads\SWE314---Web-Pro
gramming-Project-main\S
WE314---Web-Programming
-Project-main\backend\.
venv\Lib\site-packages\
pydantic\_internal\_mod
el_construction.py", li
ne 477, in inspect_name
space
    raise PydanticUserE
rror(
        f'Field {var_na
me!r} requires a type a
nnotation', code='model
-field-missing-annotati
on'
    )
pydantic.errors.Pydanti
cUserError: Field 'id' 
requires a type annotat
ion

For further information
 visit https://errors.p
ydantic.dev/2.12/u/mode
l-field-missing-annotat
ion
